<?xml version="1.0" encoding="UTF-8"?>
<testsuites name="bun test" tests="9" assertions="13" failures="2" skipped="0" time="0.078979">
  <testsuite name="property-tests/arbitrage/arbitrage.property.test.ts" file="property-tests/arbitrage/arbitrage.property.test.ts" tests="6" assertions="0" failures="2" skipped="0" time="0" hostname="Mac.attlocal.net">
    <testsuite name="Arbitrage Detection Property Tests" file="property-tests/arbitrage/arbitrage.property.test.ts" line="44" tests="3" assertions="0" failures="1" skipped="0" time="0.015" hostname="Mac.attlocal.net">
      <testcase name="detects arbitrage opportunities correctly" classname="Arbitrage Detection Property Tests" time="0.011906" file="property-tests/arbitrage/arbitrage.property.test.ts" line="45" assertions="0" />
      <testcase name="handles edge cases correctly" classname="Arbitrage Detection Property Tests" time="0.002824" file="property-tests/arbitrage/arbitrage.property.test.ts" line="86" assertions="0">
        <failure message="test marked with .failing() did not throw" type="AssertionError"/>
      </testcase>
      <testcase name="validates stake distribution" classname="Arbitrage Detection Property Tests" time="0.002406" file="property-tests/arbitrage/arbitrage.property.test.ts" line="116" assertions="0" />
    </testsuite>
    <testsuite name="Odds Validation Property Tests" file="property-tests/arbitrage/arbitrage.property.test.ts" line="148" tests="2" assertions="0" failures="0" skipped="0" time="0.003" hostname="Mac.attlocal.net">
      <testcase name="validates odds format correctly" classname="Odds Validation Property Tests" time="0.003918" file="property-tests/arbitrage/arbitrage.property.test.ts" line="149" assertions="0" />
      <testcase name="handles special number cases" classname="Odds Validation Property Tests" time="0.00026" file="property-tests/arbitrage/arbitrage.property.test.ts" line="169" assertions="0" />
    </testsuite>
    <testcase name="handles leap year timestamp edge cases correctly" classname="" time="0.000124" file="property-tests/arbitrage/arbitrage.property.test.ts" line="187" assertions="0">
      <failure message="test marked with .failing() did not throw" type="AssertionError"/>
    </testcase>
  </testsuite>
  <testsuite name="packages/testing/src/contracts/websocket-simple.test.ts" file="packages/testing/src/contracts/websocket-simple.test.ts" tests="3" assertions="13" failures="0" skipped="0" time="0" hostname="Mac.attlocal.net">
    <testsuite name="WebSocket Contract Tests (Simple)" file="packages/testing/src/contracts/websocket-simple.test.ts" line="6" tests="3" assertions="13" failures="0" skipped="0" time="0" hostname="Mac.attlocal.net">
      <testcase name="validates WebSocket message structure" classname="WebSocket Contract Tests (Simple)" time="0.000056" file="packages/testing/src/contracts/websocket-simple.test.ts" line="7" assertions="5" />
      <testcase name="validates arbitrage alert structure" classname="WebSocket Contract Tests (Simple)" time="0.000025" file="packages/testing/src/contracts/websocket-simple.test.ts" line="25" assertions="4" />
      <testcase name="validates market data structure" classname="WebSocket Contract Tests (Simple)" time="0.000073" file="packages/testing/src/contracts/websocket-simple.test.ts" line="43" assertions="4" />
    </testsuite>
  </testsuite>
</testsuites>
